D:\GitHub\usbtools\Program.cs(152,30): error CS1519: Invalid token '(' in class, record, struct, or interface member declaration [D:\GitHub\usbtools\USBTools.csproj]
D:\GitHub\usbtools\Program.cs(152,31): error CS8124: Tuple must contain at least two elements. [D:\GitHub\usbtools\USBTools.csproj]
D:\GitHub\usbtools\Program.cs(152,32): error CS1519: Invalid token ';' in class, record, struct, or interface member declaration [D:\GitHub\usbtools\USBTools.csproj]
D:\GitHub\usbtools\Program.cs(154,13): error CS1519: Invalid token 'return' in class, record, struct, or interface member declaration [D:\GitHub\usbtools\USBTools.csproj]
D:\GitHub\usbtools\Program.cs(157,9): error CS1022: Type or namespace definition, or end-of-file expected [D:\GitHub\usbtools\USBTools.csproj]
D:\GitHub\usbtools\Program.cs(157,13): error CS1031: Type expected [D:\GitHub\usbtools\USBTools.csproj]
D:\GitHub\usbtools\Program.cs(157,13): error CS8124: Tuple must contain at least two elements. [D:\GitHub\usbtools\USBTools.csproj]
D:\GitHub\usbtools\Program.cs(157,13): error CS1026: ) expected [D:\GitHub\usbtools\USBTools.csproj]
D:\GitHub\usbtools\Program.cs(157,13): error CS1022: Type or namespace definition, or end-of-file expected [D:\GitHub\usbtools\USBTools.csproj]
D:\GitHub\usbtools\Program.cs(157,14): error CS0116: A namespace cannot directly contain members such as fields, methods or statements [D:\GitHub\usbtools\USBTools.csproj]
D:\GitHub\usbtools\Program.cs(157,20): error CS1022: Type or namespace definition, or end-of-file expected [D:\GitHub\usbtools\USBTools.csproj]
D:\GitHub\usbtools\Program.cs(157,41): error CS1001: Identifier expected [D:\GitHub\usbtools\USBTools.csproj]
D:\GitHub\usbtools\Program.cs(157,43): error CS1002: ; expected [D:\GitHub\usbtools\USBTools.csproj]
D:\GitHub\usbtools\Program.cs(157,43): error CS1022: Type or namespace definition, or end-of-file expected [D:\GitHub\usbtools\USBTools.csproj]
D:\GitHub\usbtools\Program.cs(157,47): error CS0116: A namespace cannot directly contain members such as fields, methods or statements [D:\GitHub\usbtools\USBTools.csproj]
D:\GitHub\usbtools\Program.cs(157,53): error CS1022: Type or namespace definition, or end-of-file expected [D:\GitHub\usbtools\USBTools.csproj]
D:\GitHub\usbtools\Program.cs(157,78): error CS1001: Identifier expected [D:\GitHub\usbtools\USBTools.csproj]
D:\GitHub\usbtools\Program.cs(157,79): error CS1002: ; expected [D:\GitHub\usbtools\USBTools.csproj]
D:\GitHub\usbtools\Program.cs(157,79): error CS1022: Type or namespace definition, or end-of-file expected [D:\GitHub\usbtools\USBTools.csproj]
D:\GitHub\usbtools\Program.cs(159,21): error CS0116: A namespace cannot directly contain members such as fields, methods or statements [D:\GitHub\usbtools\USBTools.csproj]
D:\GitHub\usbtools\Program.cs(159,37): error CS1022: Type or namespace definition, or end-of-file expected [D:\GitHub\usbtools\USBTools.csproj]
D:\GitHub\usbtools\Program.cs(159,52): error CS0116: A namespace cannot directly contain members such as fields, methods or statements [D:\GitHub\usbtools\USBTools.csproj]
D:\GitHub\usbtools\Program.cs(159,55): error CS1022: Type or namespace definition, or end-of-file expected [D:\GitHub\usbtools\USBTools.csproj]
D:\GitHub\usbtools\Program.cs(160,21): error CS0116: A namespace cannot directly contain members such as fields, methods or statements [D:\GitHub\usbtools\USBTools.csproj]
D:\GitHub\usbtools\Program.cs(160,31): error CS1031: Type expected [D:\GitHub\usbtools\USBTools.csproj]
D:\GitHub\usbtools\Program.cs(160,31): error CS8124: Tuple must contain at least two elements. [D:\GitHub\usbtools\USBTools.csproj]
D:\GitHub\usbtools\Program.cs(160,31): error CS1026: ) expected [D:\GitHub\usbtools\USBTools.csproj]
D:\GitHub\usbtools\Program.cs(160,31): error CS1022: Type or namespace definition, or end-of-file expected [D:\GitHub\usbtools\USBTools.csproj]
D:\GitHub\usbtools\Program.cs(161,21): error CS0116: A namespace cannot directly contain members such as fields, methods or statements [D:\GitHub\usbtools\USBTools.csproj]
D:\GitHub\usbtools\Program.cs(161,32): error CS8124: Tuple must contain at least two elements. [D:\GitHub\usbtools\USBTools.csproj]
D:\GitHub\usbtools\Program.cs(161,33): error CS1022: Type or namespace definition, or end-of-file expected [D:\GitHub\usbtools\USBTools.csproj]
D:\GitHub\usbtools\Program.cs(162,21): error CS0116: A namespace cannot directly contain members such as fields, methods or statements [D:\GitHub\usbtools\USBTools.csproj]
D:\GitHub\usbtools\Program.cs(162,31): error CS8124: Tuple must contain at least two elements. [D:\GitHub\usbtools\USBTools.csproj]
D:\GitHub\usbtools\Program.cs(162,32): error CS1022: Type or namespace definition, or end-of-file expected [D:\GitHub\usbtools\USBTools.csproj]
D:\GitHub\usbtools\Program.cs(164,13): error CS1022: Type or namespace definition, or end-of-file expected [D:\GitHub\usbtools\USBTools.csproj]
D:\GitHub\usbtools\Program.cs(165,9): error CS1022: Type or namespace definition, or end-of-file expected [D:\GitHub\usbtools\USBTools.csproj]
D:\GitHub\usbtools\Program.cs(168,9): error CS8803: Top-level statements must precede namespace and type declarations. [D:\GitHub\usbtools\USBTools.csproj]
D:\GitHub\usbtools\Program.cs(179,5): error CS1022: Type or namespace definition, or end-of-file expected [D:\GitHub\usbtools\USBTools.csproj]
D:\GitHub\usbtools\Program.cs(181,5): error CS0106: The modifier 'private' is not valid for this item [D:\GitHub\usbtools\USBTools.csproj]
D:\GitHub\usbtools\Program.cs(228,5): error CS0106: The modifier 'private' is not valid for this item [D:\GitHub\usbtools\USBTools.csproj]
D:\GitHub\usbtools\Program.cs(270,5): error CS0106: The modifier 'private' is not valid for this item [D:\GitHub\usbtools\USBTools.csproj]
D:\GitHub\usbtools\Program.cs(288,5): error CS0106: The modifier 'private' is not valid for this item [D:\GitHub\usbtools\USBTools.csproj]
D:\GitHub\usbtools\Program.cs(340,5): error CS0106: The modifier 'private' is not valid for this item [D:\GitHub\usbtools\USBTools.csproj]
D:\GitHub\usbtools\Program.cs(396,5): error CS0106: The modifier 'private' is not valid for this item [D:\GitHub\usbtools\USBTools.csproj]
D:\GitHub\usbtools\Program.cs(431,5): error CS0106: The modifier 'private' is not valid for this item [D:\GitHub\usbtools\USBTools.csproj]
D:\GitHub\usbtools\Program.cs(440,1): error CS1022: Type or namespace definition, or end-of-file expected [D:\GitHub\usbtools\USBTools.csproj]

Build FAILED.
    0 Warning(s)
    46 Error(s)

Time Elapsed 00:00:01.52
